{
  "layers_by_id": {
    "1466996a39f8d2af81b92fad37ef15c04fb2ca64b43945a00f6f5943913f6b96": {
      "docker_version": "1.13.0", 
      "os": "linux", 
      "architecture": "amd64", 
      "created": "2017-02-01T09:52:31.061930779Z", 
      "author": "Me Myself and I.", 
      "container": "721d16a40a4c25355aba3b71b90b5b7a4efd81309784ad2fe35e56cdb158555c", 
      "comment": null, 
      "config": {}, 
      "created_by": null, 
      "empty_layer": false, 
      "parent": "f2323825799160c4c1e508c1189dc285c7928677747b5a679020e9b438843127", 
      "layer_id": "1466996a39f8d2af81b92fad37ef15c04fb2ca64b43945a00f6f5943913f6b96", 
      "layer_digest": "sha256:None", 
      "layer_size": 0, 
      "command": "#(nop)  LABEL Some label="
    }, 
    "de331f94dc3592a39e495432d39ca14ed0cf04a6861c1e7714ff410e8a0225b4": {
      "docker_version": "1.13.0", 
      "os": "linux", 
      "architecture": "amd64", 
      "created": "2017-02-01T09:45:44.138970446Z", 
      "author": null, 
      "container": null, 
      "comment": "initial import", 
      "config": {}, 
      "created_by": null, 
      "empty_layer": false, 
      "parent": null, 
      "layer_id": "de331f94dc3592a39e495432d39ca14ed0cf04a6861c1e7714ff410e8a0225b4", 
      "layer_digest": "sha256:c2c0564e4d42ab2b8e947861d9324a6ab087818731e818bc8667c7523507c4f9", 
      "layer_size": 102400, 
      "command": ""
    }, 
    "a699c18e2119e668e5f1264e97559af65d2111ac0790b6832efeb450fc5193fc": {
      "docker_version": "1.13.0", 
      "os": "linux", 
      "architecture": "amd64", 
      "created": "2017-02-01T09:54:08.599892527Z", 
      "author": "You Myself and I.", 
      "container": "e5addbed082b1b5b98af142db2ac775705e4a61bec0c916d111972edd68d5f51", 
      "comment": null, 
      "config": {}, 
      "created_by": null, 
      "empty_layer": false, 
      "parent": null, 
      "layer_id": "a699c18e2119e668e5f1264e97559af65d2111ac0790b6832efeb450fc5193fc", 
      "layer_digest": "sha256:2d3d307589a202188a779ec6d094a39a396d7d48d6fef273b902af4389bcfd62", 
      "layer_size": 2048, 
      "command": "#(nop)  LABEL Some other label="
    }, 
    "f2323825799160c4c1e508c1189dc285c7928677747b5a679020e9b438843127": {
      "docker_version": null, 
      "os": null, 
      "architecture": null, 
      "created": "2017-02-01T09:52:31.061930779Z", 
      "author": null, 
      "container": null, 
      "comment": null, 
      "config": {}, 
      "created_by": null, 
      "empty_layer": false, 
      "parent": null, 
      "layer_id": "f2323825799160c4c1e508c1189dc285c7928677747b5a679020e9b438843127", 
      "layer_digest": "sha256:None", 
      "layer_size": 0, 
      "command": ""
    }
  }, 
  "images_by_id": {
    "4d955704d3bfe618753e3f969db87e2b60dd4206132a701f23de1dfe0325664e": {
      "docker_version": "1.13.0", 
      "os": "linux", 
      "architecture": "amd64", 
      "created": "2017-02-01T09:45:44.138970446Z", 
      "author": null, 
      "container": null, 
      "comment": "initial import", 
      "config": {}, 
      "image_id": "4d955704d3bfe618753e3f969db87e2b60dd4206132a701f23de1dfe0325664e", 
      "parent_digest": null, 
      "config_digest": "sha256:4d955704d3bfe618753e3f969db87e2b60dd4206132a701f23de1dfe0325664e", 
      "top_layer_id": "de331f94dc3592a39e495432d39ca14ed0cf04a6861c1e7714ff410e8a0225b4", 
      "top_layer_digest": "sha256:c2c0564e4d42ab2b8e947861d9324a6ab087818731e818bc8667c7523507c4f9", 
      "layer_digests": [], 
      "layers": [
        {
          "docker_version": null, 
          "os": null, 
          "architecture": null, 
          "created": "2017-02-01T09:45:44.138970446Z", 
          "author": null, 
          "container": null, 
          "comment": "initial import", 
          "config": {}, 
          "created_by": null, 
          "empty_layer": false, 
          "parent": null, 
          "layer_id": "de331f94dc3592a39e495432d39ca14ed0cf04a6861c1e7714ff410e8a0225b4", 
          "layer_digest": "sha256:c2c0564e4d42ab2b8e947861d9324a6ab087818731e818bc8667c7523507c4f9", 
          "layer_size": 0, 
          "command": null
        }
      ], 
      "tags": [
        "me/test_image_tar:1.0"
      ]
    }, 
    "12372b2d7bc16952cc4fbff7534ea9888292f51179c6645b286667d2310bfe23": {
      "docker_version": "1.13.0", 
      "os": "linux", 
      "architecture": "amd64", 
      "created": "2017-02-01T09:52:31.061930779Z", 
      "author": "Me Myself and I.", 
      "container": "721d16a40a4c25355aba3b71b90b5b7a4efd81309784ad2fe35e56cdb158555c", 
      "comment": null, 
      "config": {}, 
      "image_id": "12372b2d7bc16952cc4fbff7534ea9888292f51179c6645b286667d2310bfe23", 
      "parent_digest": null, 
      "config_digest": "sha256:12372b2d7bc16952cc4fbff7534ea9888292f51179c6645b286667d2310bfe23", 
      "top_layer_id": "1466996a39f8d2af81b92fad37ef15c04fb2ca64b43945a00f6f5943913f6b96", 
      "top_layer_digest": "sha256:None", 
      "layer_digests": [], 
      "layers": [
        {
          "docker_version": null, 
          "os": null, 
          "architecture": null, 
          "created": "2017-02-01T09:45:44.138970446Z", 
          "author": null, 
          "container": null, 
          "comment": "initial import", 
          "config": {}, 
          "created_by": null, 
          "empty_layer": false, 
          "parent": null, 
          "layer_id": null, 
          "layer_digest": "sha256:c2c0564e4d42ab2b8e947861d9324a6ab087818731e818bc8667c7523507c4f9", 
          "layer_size": 0, 
          "command": null
        }, 
        {
          "docker_version": null, 
          "os": null, 
          "architecture": null, 
          "created": "2017-02-01T09:52:30.574704435Z", 
          "author": "Me Myself and I.", 
          "container": null, 
          "comment": null, 
          "config": {}, 
          "created_by": "/bin/sh -c #(nop)  MAINTAINER Me Myself and I.", 
          "empty_layer": true, 
          "parent": null, 
          "layer_id": null, 
          "layer_digest": null, 
          "layer_size": 0, 
          "command": null
        }, 
        {
          "docker_version": null, 
          "os": null, 
          "architecture": null, 
          "created": "2017-02-01T09:52:30.86379643Z", 
          "author": "Me Myself and I.", 
          "container": null, 
          "comment": null, 
          "config": {}, 
          "created_by": "/bin/sh -c #(nop) ADD file:4cf1ddc0e2f550529d17989d68a7968b07a51044244d4f432e778929d1a83a48 in / ", 
          "empty_layer": false, 
          "parent": null, 
          "layer_id": null, 
          "layer_digest": "sha256:2d3d307589a202188a779ec6d094a39a396d7d48d6fef273b902af4389bcfd62", 
          "layer_size": 0, 
          "command": null
        }, 
        {
          "docker_version": null, 
          "os": null, 
          "architecture": null, 
          "created": "2017-02-01T09:52:31.061930779Z", 
          "author": "Me Myself and I.", 
          "container": null, 
          "comment": null, 
          "config": {}, 
          "created_by": "/bin/sh -c #(nop)  LABEL Some label=", 
          "empty_layer": true, 
          "parent": null, 
          "layer_id": null, 
          "layer_digest": null, 
          "layer_size": 0, 
          "command": null
        }
      ], 
      "tags": [
        "you/secondimage:1.2"
      ]
    }, 
    "c1edec6e1f0ad79e45f68e963b9e74c0ab77915845ab7743b053c248f1ad64b1": {
      "docker_version": "1.13.0", 
      "os": "linux", 
      "architecture": "amd64", 
      "created": "2017-02-01T09:54:08.599892527Z", 
      "author": "You Myself and I.", 
      "container": "e5addbed082b1b5b98af142db2ac775705e4a61bec0c916d111972edd68d5f51", 
      "comment": null, 
      "config": {}, 
      "image_id": "c1edec6e1f0ad79e45f68e963b9e74c0ab77915845ab7743b053c248f1ad64b1", 
      "parent_digest": null, 
      "config_digest": "sha256:c1edec6e1f0ad79e45f68e963b9e74c0ab77915845ab7743b053c248f1ad64b1", 
      "top_layer_id": "a699c18e2119e668e5f1264e97559af65d2111ac0790b6832efeb450fc5193fc", 
      "top_layer_digest": "sha256:2d3d307589a202188a779ec6d094a39a396d7d48d6fef273b902af4389bcfd62", 
      "layer_digests": [], 
      "layers": [
        {
          "docker_version": null, 
          "os": null, 
          "architecture": null, 
          "created": "2017-02-01T09:54:08.215083283Z", 
          "author": "You Myself and I.", 
          "container": null, 
          "comment": null, 
          "config": {}, 
          "created_by": "/bin/sh -c #(nop)  MAINTAINER You Myself and I.", 
          "empty_layer": true, 
          "parent": null, 
          "layer_id": null, 
          "layer_digest": null, 
          "layer_size": 0, 
          "command": null
        }, 
        {
          "docker_version": null, 
          "os": null, 
          "architecture": null, 
          "created": "2017-02-01T09:54:08.42333374Z", 
          "author": "You Myself and I.", 
          "container": null, 
          "comment": null, 
          "config": {}, 
          "created_by": "/bin/sh -c #(nop) ADD file:4cf1ddc0e2f550529d17989d68a7968b07a51044244d4f432e778929d1a83a48 in / ", 
          "empty_layer": false, 
          "parent": null, 
          "layer_id": "a699c18e2119e668e5f1264e97559af65d2111ac0790b6832efeb450fc5193fc", 
          "layer_digest": "sha256:2d3d307589a202188a779ec6d094a39a396d7d48d6fef273b902af4389bcfd62", 
          "layer_size": 0, 
          "command": null
        }, 
        {
          "docker_version": null, 
          "os": null, 
          "architecture": null, 
          "created": "2017-02-01T09:54:08.599892527Z", 
          "author": "You Myself and I.", 
          "container": null, 
          "comment": null, 
          "config": {}, 
          "created_by": "/bin/sh -c #(nop)  LABEL Some other label=", 
          "empty_layer": true, 
          "parent": null, 
          "layer_id": null, 
          "layer_digest": null, 
          "layer_size": 0, 
          "command": null
        }
      ], 
      "tags": [
        "she/image_from_scratch:1.0"
      ]
    }
  }, 
  "image_id_by_tags": {
    "me/test_image_tar:1.0": "4d955704d3bfe618753e3f969db87e2b60dd4206132a701f23de1dfe0325664e", 
    "she/image_from_scratch:1.0": "c1edec6e1f0ad79e45f68e963b9e74c0ab77915845ab7743b053c248f1ad64b1", 
    "you/secondimage:1.2": "12372b2d7bc16952cc4fbff7534ea9888292f51179c6645b286667d2310bfe23"
  }
}