[
  {
    "extracted_location": "",
    "archive_location": "",
    "sha256": null,
    "docker_version": "1.13.0",
    "os": "linux",
    "os_version": null,
    "architecture": "amd64",
    "variant": null,
    "created": "2017-02-01T09:45:44.138970446Z",
    "author": null,
    "comment": "initial import",
    "labels": {},
    "image_format": "docker",
    "image_id": "4d955704d3bfe618753e3f969db87e2b60dd4206132a701f23de1dfe0325664e",
    "config_digest": "sha256:4d955704d3bfe618753e3f969db87e2b60dd4206132a701f23de1dfe0325664e",
    "tags": [
      "me/test_image_tar:1.0"
    ],
    "distro": null,
    "layers": [
      {
        "extracted_location": null,
        "archive_location": "imagesv11_with_tar_at_root.tar/de331f94dc3592a39e495432d39ca14ed0cf04a6861c1e7714ff410e8a0225b4.tar",
        "sha256": "c2c0564e4d42ab2b8e947861d9324a6ab087818731e818bc8667c7523507c4f9",
        "docker_version": null,
        "os": null,
        "os_version": null,
        "architecture": null,
        "variant": null,
        "labels": [],
        "layer_id": "c2c0564e4d42ab2b8e947861d9324a6ab087818731e818bc8667c7523507c4f9",
        "size": 2048,
        "is_empty_layer": false,
        "author": null,
        "created": "2017-02-01T09:45:44.138970446Z",
        "created_by": null,
        "comment": "initial import"
      }
    ],
    "history": [
      {
        "created": "2017-02-01T09:45:44.138970446Z",
        "comment": "initial import"
      }
    ]
  },
  {
    "extracted_location": "",
    "archive_location": "",
    "sha256": null,
    "docker_version": "1.13.0",
    "os": "linux",
    "os_version": null,
    "architecture": "amd64",
    "variant": null,
    "created": "2017-02-01T09:54:08.599892527Z",
    "author": null,
    "comment": null,
    "labels": {
      "some other label": ""
    },
    "image_format": "docker",
    "image_id": "c1edec6e1f0ad79e45f68e963b9e74c0ab77915845ab7743b053c248f1ad64b1",
    "config_digest": "sha256:c1edec6e1f0ad79e45f68e963b9e74c0ab77915845ab7743b053c248f1ad64b1",
    "tags": [
      "she/image_from_scratch:1.0"
    ],
    "distro": null,
    "layers": [
      {
        "extracted_location": null,
        "archive_location": "imagesv11_with_tar_at_root.tar/a699c18e2119e668e5f1264e97559af65d2111ac0790b6832efeb450fc5193fc.tar",
        "sha256": "2d3d307589a202188a779ec6d094a39a396d7d48d6fef273b902af4389bcfd62",
        "docker_version": null,
        "os": null,
        "os_version": null,
        "architecture": null,
        "variant": null,
        "labels": [],
        "layer_id": "2d3d307589a202188a779ec6d094a39a396d7d48d6fef273b902af4389bcfd62",
        "size": 2048,
        "is_empty_layer": false,
        "author": "You Myself and I.",
        "created": "2017-02-01T09:54:08.42333374Z",
        "created_by": "/bin/sh -c #(nop) ADD file:4cf1ddc0e2f550529d17989d68a7968b07a51044244d4f432e778929d1a83a48 in / ",
        "comment": null
      }
    ],
    "history": [
      {
        "created": "2017-02-01T09:54:08.215083283Z",
        "author": "You Myself and I.",
        "created_by": "/bin/sh -c #(nop)  MAINTAINER You Myself and I.",
        "empty_layer": true
      },
      {
        "created": "2017-02-01T09:54:08.42333374Z",
        "author": "You Myself and I.",
        "created_by": "/bin/sh -c #(nop) ADD file:4cf1ddc0e2f550529d17989d68a7968b07a51044244d4f432e778929d1a83a48 in / "
      },
      {
        "created": "2017-02-01T09:54:08.599892527Z",
        "author": "You Myself and I.",
        "created_by": "/bin/sh -c #(nop)  LABEL Some other label=",
        "empty_layer": true
      }
    ]
  },
  {
    "extracted_location": "",
    "archive_location": "",
    "sha256": null,
    "docker_version": "1.13.0",
    "os": "linux",
    "os_version": null,
    "architecture": "amd64",
    "variant": null,
    "created": "2017-02-01T09:52:31.061930779Z",
    "author": null,
    "comment": null,
    "labels": {
      "some label": ""
    },
    "image_format": "docker",
    "image_id": "12372b2d7bc16952cc4fbff7534ea9888292f51179c6645b286667d2310bfe23",
    "config_digest": "sha256:12372b2d7bc16952cc4fbff7534ea9888292f51179c6645b286667d2310bfe23",
    "tags": [
      "you/secondimage:1.2"
    ],
    "distro": null,
    "layers": [
      {
        "extracted_location": null,
        "archive_location": "imagesv11_with_tar_at_root.tar/f2323825799160c4c1e508c1189dc285c7928677747b5a679020e9b438843127.tar",
        "sha256": "c2c0564e4d42ab2b8e947861d9324a6ab087818731e818bc8667c7523507c4f9",
        "docker_version": null,
        "os": null,
        "os_version": null,
        "architecture": null,
        "variant": null,
        "labels": [],
        "layer_id": "c2c0564e4d42ab2b8e947861d9324a6ab087818731e818bc8667c7523507c4f9",
        "size": 2048,
        "is_empty_layer": false,
        "author": null,
        "created": "2017-02-01T09:45:44.138970446Z",
        "created_by": null,
        "comment": "initial import"
      },
      {
        "extracted_location": null,
        "archive_location": "imagesv11_with_tar_at_root.tar/1466996a39f8d2af81b92fad37ef15c04fb2ca64b43945a00f6f5943913f6b96.tar",
        "sha256": "2d3d307589a202188a779ec6d094a39a396d7d48d6fef273b902af4389bcfd62",
        "docker_version": null,
        "os": null,
        "os_version": null,
        "architecture": null,
        "variant": null,
        "labels": [],
        "layer_id": "2d3d307589a202188a779ec6d094a39a396d7d48d6fef273b902af4389bcfd62",
        "size": 2048,
        "is_empty_layer": false,
        "author": "Me Myself and I.",
        "created": "2017-02-01T09:52:30.86379643Z",
        "created_by": "/bin/sh -c #(nop) ADD file:4cf1ddc0e2f550529d17989d68a7968b07a51044244d4f432e778929d1a83a48 in / ",
        "comment": null
      }
    ],
    "history": [
      {
        "created": "2017-02-01T09:45:44.138970446Z",
        "comment": "initial import"
      },
      {
        "created": "2017-02-01T09:52:30.574704435Z",
        "author": "Me Myself and I.",
        "created_by": "/bin/sh -c #(nop)  MAINTAINER Me Myself and I.",
        "empty_layer": true
      },
      {
        "created": "2017-02-01T09:52:30.86379643Z",
        "author": "Me Myself and I.",
        "created_by": "/bin/sh -c #(nop) ADD file:4cf1ddc0e2f550529d17989d68a7968b07a51044244d4f432e778929d1a83a48 in / "
      },
      {
        "created": "2017-02-01T09:52:31.061930779Z",
        "author": "Me Myself and I.",
        "created_by": "/bin/sh -c #(nop)  LABEL Some label=",
        "empty_layer": true
      }
    ]
  }
]