{
  "docker_version": "1.13.0", 
  "os": "linux", 
  "architecture": "amd64", 
  "created": "2017-02-01T09:52:31.061930779Z", 
  "author": "Me Myself and I.", 
  "container": "721d16a40a4c25355aba3b71b90b5b7a4efd81309784ad2fe35e56cdb158555c", 
  "comment": null, 
  "config": {}, 
  "image_id": "12372b2d7bc16952cc4fbff7534ea9888292f51179c6645b286667d2310bfe23", 
  "parent_digest": null, 
  "config_digest": "sha256:12372b2d7bc16952cc4fbff7534ea9888292f51179c6645b286667d2310bfe23", 
  "top_layer_id": null, 
  "top_layer_digest": null, 
  "layer_digests": [], 
  "layers": [
    {
      "docker_version": null, 
      "os": null, 
      "architecture": null, 
      "created": "2017-02-01T09:45:44.138970446Z", 
      "author": null, 
      "container": null, 
      "comment": "initial import", 
      "config": {}, 
      "created_by": null, 
      "empty_layer": false, 
      "parent": null, 
      "layer_id": null, 
      "layer_digest": "sha256:c2c0564e4d42ab2b8e947861d9324a6ab087818731e818bc8667c7523507c4f9", 
      "layer_size": 0, 
      "command": null
    }, 
    {
      "docker_version": null, 
      "os": null, 
      "architecture": null, 
      "created": "2017-02-01T09:52:30.574704435Z", 
      "author": "Me Myself and I.", 
      "container": null, 
      "comment": null, 
      "config": {}, 
      "created_by": "/bin/sh -c #(nop)  MAINTAINER Me Myself and I.", 
      "empty_layer": true, 
      "parent": null, 
      "layer_id": null, 
      "layer_digest": null, 
      "layer_size": 0, 
      "command": null
    }, 
    {
      "docker_version": null, 
      "os": null, 
      "architecture": null, 
      "created": "2017-02-01T09:52:30.86379643Z", 
      "author": "Me Myself and I.", 
      "container": null, 
      "comment": null, 
      "config": {}, 
      "created_by": "/bin/sh -c #(nop) ADD file:4cf1ddc0e2f550529d17989d68a7968b07a51044244d4f432e778929d1a83a48 in / ", 
      "empty_layer": false, 
      "parent": null, 
      "layer_id": null, 
      "layer_digest": "sha256:2d3d307589a202188a779ec6d094a39a396d7d48d6fef273b902af4389bcfd62", 
      "layer_size": 0, 
      "command": null
    }, 
    {
      "docker_version": null, 
      "os": null, 
      "architecture": null, 
      "created": "2017-02-01T09:52:31.061930779Z", 
      "author": "Me Myself and I.", 
      "container": null, 
      "comment": null, 
      "config": {}, 
      "created_by": "/bin/sh -c #(nop)  LABEL Some label=", 
      "empty_layer": true, 
      "parent": null, 
      "layer_id": null, 
      "layer_digest": null, 
      "layer_size": 0, 
      "command": null
    }
  ], 
  "tags": []
}