{
  "docker_version": "1.13.0", 
  "os": "linux", 
  "architecture": "amd64", 
  "created": "2017-02-01T09:54:08.599892527Z", 
  "author": "You Myself and I.", 
  "container": "e5addbed082b1b5b98af142db2ac775705e4a61bec0c916d111972edd68d5f51", 
  "comment": null, 
  "config": {}, 
  "image_id": "c1edec6e1f0ad79e45f68e963b9e74c0ab77915845ab7743b053c248f1ad64b1", 
  "parent_digest": null, 
  "config_digest": "sha256:c1edec6e1f0ad79e45f68e963b9e74c0ab77915845ab7743b053c248f1ad64b1", 
  "top_layer_id": null, 
  "top_layer_digest": null, 
  "layer_digests": [], 
  "layers": [
    {
      "docker_version": null, 
      "os": null, 
      "architecture": null, 
      "created": "2017-02-01T09:54:08.215083283Z", 
      "author": "You Myself and I.", 
      "container": null, 
      "comment": null, 
      "config": {}, 
      "created_by": "/bin/sh -c #(nop)  MAINTAINER You Myself and I.", 
      "empty_layer": true, 
      "parent": null, 
      "layer_id": null, 
      "layer_digest": null, 
      "layer_size": 0, 
      "command": null
    }, 
    {
      "docker_version": null, 
      "os": null, 
      "architecture": null, 
      "created": "2017-02-01T09:54:08.42333374Z", 
      "author": "You Myself and I.", 
      "container": null, 
      "comment": null, 
      "config": {}, 
      "created_by": "/bin/sh -c #(nop) ADD file:4cf1ddc0e2f550529d17989d68a7968b07a51044244d4f432e778929d1a83a48 in / ", 
      "empty_layer": false, 
      "parent": null, 
      "layer_id": null, 
      "layer_digest": "sha256:2d3d307589a202188a779ec6d094a39a396d7d48d6fef273b902af4389bcfd62", 
      "layer_size": 0, 
      "command": null
    }, 
    {
      "docker_version": null, 
      "os": null, 
      "architecture": null, 
      "created": "2017-02-01T09:54:08.599892527Z", 
      "author": "You Myself and I.", 
      "container": null, 
      "comment": null, 
      "config": {}, 
      "created_by": "/bin/sh -c #(nop)  LABEL Some other label=", 
      "empty_layer": true, 
      "parent": null, 
      "layer_id": null, 
      "layer_digest": null, 
      "layer_size": 0, 
      "command": null
    }
  ], 
  "tags": []
}