{
  "docker_version": "1.6.0", 
  "os": "linux", 
  "architecture": "amd64", 
  "created": "2015-04-17T22:01:12.62756842Z", 
  "author": "J\u00e9r\u00f4me Petazzoni <jerome@docker.com>", 
  "container": "19bbb9ebab4da181db898c79bbdd8d2a8010dc2e4a7dc8b1a24d4b5eff99c5b4", 
  "comment": null, 
  "config": {}, 
  "created_by": null, 
  "empty_layer": false, 
  "parent": "cf2616975b4a3cba083ca99bc3f0bf25f5f528c3c52be1596b30f60b0b1c37ff", 
  "layer_id": "6ce2e90b0bc7224de3db1f0d646fe8e2c4dd37f1793928287f6074bc451a57ea", 
  "layer_digest": "sha256:242018c7a120ebd250aaa23b997cfd9dfb1e73ad1e9b08f5a082e06d9f0c80a0", 
  "layer_size": 2103, 
  "command": "#(nop) ADD file:8cf517d90fe79547c474641cc1e6425850e04abbd8856718f7e4a184ea878538 in /"
}