{
  "docker_version": "1.6.0", 
  "os": "linux", 
  "architecture": "amd64", 
  "created": "2015-04-17T22:01:13.062208605Z", 
  "author": "J\u00e9r\u00f4me Petazzoni <jerome@docker.com>", 
  "container": "811003e0012ef6e6db039bcef852098d45cf9f84e995efb93a176a11e9aca6b9", 
  "comment": null, 
  "config": {}, 
  "created_by": null, 
  "empty_layer": false, 
  "parent": "6ce2e90b0bc7224de3db1f0d646fe8e2c4dd37f1793928287f6074bc451a57ea", 
  "layer_id": "8c2e06607696bd4afb3d03b687e361cc43cf8ec1a4a725bc96e39f05ba97dd55", 
  "layer_digest": "sha256:a3ed95caeb02ffe68cdd9fd84406680ae93d633cb16422d00e8a7c22955b46d4", 
  "layer_size": 32, 
  "command": "#(nop) CMD [\"/bin/sh\"]"
}