{
  "docker_version": "1.6.0", 
  "os": "linux", 
  "architecture": "amd64", 
  "created": "2015-04-17T22:01:05.451579326Z", 
  "author": "J\u00e9r\u00f4me Petazzoni <jerome@docker.com>", 
  "container": "39e791194498a7ee0c10e290ef51dd1ecde1f0fd83db977ddae38910b02b6fb9", 
  "comment": null, 
  "config": {}, 
  "created_by": null, 
  "empty_layer": false, 
  "parent": null, 
  "layer_id": "cf2616975b4a3cba083ca99bc3f0bf25f5f528c3c52be1596b30f60b0b1c37ff", 
  "layer_digest": "sha256:a3ed95caeb02ffe68cdd9fd84406680ae93d633cb16422d00e8a7c22955b46d4", 
  "layer_size": 32, 
  "command": "#(nop) MAINTAINER J\u00e9r\u00f4me Petazzoni <jerome@docker.com>"
}